127.0.0.1 - - [09/Apr/2025:10:26:12 +0900] "GET / HTTP/1.1" 404 808
0:0:0:0:0:0:0:1 - - [09/Apr/2025:10:26:15 +0900] "GET /pagePrj/list.page HTTP/1.1" 200 916
0:0:0:0:0:0:0:1 - - [09/Apr/2025:10:26:15 +0900] "GET /favicon.ico HTTP/1.1" 404 819
0:0:0:0:0:0:0:1 - - [09/Apr/2025:10:26:17 +0900] "GET /pagePrj/list.page?p=2 HTTP/1.1" 200 917
0:0:0:0:0:0:0:1 - - [09/Apr/2025:10:26:18 +0900] "GET /pagePrj/list.page?p=3 HTTP/1.1" 200 917
0:0:0:0:0:0:0:1 - - [09/Apr/2025:10:26:18 +0900] "GET /pagePrj/list.page?p=4 HTTP/1.1" 200 917
0:0:0:0:0:0:0:1 - - [09/Apr/2025:10:26:19 +0900] "GET /pagePrj/list.page?p=5 HTTP/1.1" 200 916
127.0.0.1 - - [09/Apr/2025:12:31:40 +0900] "GET / HTTP/1.1" 404 808
0:0:0:0:0:0:0:1 - - [09/Apr/2025:12:31:44 +0900] "GET /day08Prac/list HTTP/1.1" 200 473
0:0:0:0:0:0:0:1 - - [09/Apr/2025:12:31:48 +0900] "GET /day08Prac/list?p=3 HTTP/1.1" 500 1436
127.0.0.1 - - [09/Apr/2025:12:33:01 +0900] "GET / HTTP/1.1" 404 808
0:0:0:0:0:0:0:1 - - [09/Apr/2025:12:33:04 +0900] "GET /day08Prac/list HTTP/1.1" 200 518
127.0.0.1 - - [09/Apr/2025:12:36:23 +0900] "GET / HTTP/1.1" 404 808
0:0:0:0:0:0:0:1 - - [09/Apr/2025:12:36:24 +0900] "GET /day08Prac/WEB-INF/views/list.jsp HTTP/1.1" 404 722
0:0:0:0:0:0:0:1 - - [09/Apr/2025:12:36:38 +0900] "GET /day08Prac/list HTTP/1.1" 200 521
127.0.0.1 - - [09/Apr/2025:12:36:59 +0900] "GET / HTTP/1.1" 404 808
0:0:0:0:0:0:0:1 - - [09/Apr/2025:12:37:01 +0900] "GET /day08Prac/list HTTP/1.1" 200 521
127.0.0.1 - - [09/Apr/2025:12:39:12 +0900] "GET / HTTP/1.1" 404 808
0:0:0:0:0:0:0:1 - - [09/Apr/2025:12:39:12 +0900] "GET /day08Prac/WEB-INF/views/list.jsp HTTP/1.1" 404 722
0:0:0:0:0:0:0:1 - - [09/Apr/2025:12:39:20 +0900] "GET /day08Prac/list HTTP/1.1" 200 527
127.0.0.1 - - [09/Apr/2025:12:42:18 +0900] "GET / HTTP/1.1" 404 808
0:0:0:0:0:0:0:1 - - [09/Apr/2025:12:42:21 +0900] "GET /day08Prac/list HTTP/1.1" 200 527
0:0:0:0:0:0:0:1 - - [09/Apr/2025:12:42:23 +0900] "GET /day08Prac/list?p=2 HTTP/1.1" 500 1436
0:0:0:0:0:0:0:1 - - [09/Apr/2025:12:42:34 +0900] "GET /day08Prac/list?p=3 HTTP/1.1" 500 1436
127.0.0.1 - - [09/Apr/2025:12:44:22 +0900] "GET / HTTP/1.1" 404 808
0:0:0:0:0:0:0:1 - - [09/Apr/2025:12:44:24 +0900] "GET /day08Prac/list HTTP/1.1" 200 527
0:0:0:0:0:0:0:1 - - [09/Apr/2025:12:44:27 +0900] "GET /day08Prac/list?p=2 HTTP/1.1" 500 1436
0:0:0:0:0:0:0:1 - - [09/Apr/2025:12:44:55 +0900] "GET /day08Prac/list?p=2 HTTP/1.1" 500 1436
127.0.0.1 - - [09/Apr/2025:12:46:06 +0900] "GET / HTTP/1.1" 404 808
0:0:0:0:0:0:0:1 - - [09/Apr/2025:12:46:09 +0900] "GET /day08Prac/list HTTP/1.1" 200 679
0:0:0:0:0:0:0:1 - - [09/Apr/2025:12:46:11 +0900] "GET /day08Prac/list?p=3 HTTP/1.1" 500 1436
0:0:0:0:0:0:0:1 - - [09/Apr/2025:12:47:30 +0900] "GET /day08Prac/list HTTP/1.1" 200 679
0:0:0:0:0:0:0:1 - - [09/Apr/2025:12:47:32 +0900] "GET /day08Prac/list?p=3 HTTP/1.1" 500 1436
127.0.0.1 - - [09/Apr/2025:12:48:40 +0900] "GET / HTTP/1.1" 404 808
0:0:0:0:0:0:0:1 - - [09/Apr/2025:12:48:42 +0900] "GET /day08Prac/list HTTP/1.1" 200 527
0:0:0:0:0:0:0:1 - - [09/Apr/2025:12:48:44 +0900] "GET /day08Prac/list?p=2 HTTP/1.1" 500 1436
0:0:0:0:0:0:0:1 - - [09/Apr/2025:12:49:02 +0900] "GET /day08Prac/list?p=1 HTTP/1.1" 200 527
0:0:0:0:0:0:0:1 - - [09/Apr/2025:12:49:04 +0900] "GET /day08Prac/list?p=2 HTTP/1.1" 500 1436
127.0.0.1 - - [09/Apr/2025:12:50:13 +0900] "GET / HTTP/1.1" 404 808
0:0:0:0:0:0:0:1 - - [09/Apr/2025:12:50:15 +0900] "GET /day08Prac/list HTTP/1.1" 200 527
0:0:0:0:0:0:0:1 - - [09/Apr/2025:12:50:20 +0900] "GET /day08Prac/list?p=2 HTTP/1.1" 500 1436
0:0:0:0:0:0:0:1 - - [09/Apr/2025:12:50:24 +0900] "GET /day08Prac/list?p=2 HTTP/1.1" 500 1436
127.0.0.1 - - [09/Apr/2025:12:52:42 +0900] "GET / HTTP/1.1" 404 808
0:0:0:0:0:0:0:1 - - [09/Apr/2025:12:52:44 +0900] "GET /day08Prac/list HTTP/1.1" 200 527
0:0:0:0:0:0:0:1 - - [09/Apr/2025:12:52:48 +0900] "GET /day08Prac/list?p=2 HTTP/1.1" 200 527
0:0:0:0:0:0:0:1 - - [09/Apr/2025:12:52:48 +0900] "GET /day08Prac/list?p=3 HTTP/1.1" 200 379
0:0:0:0:0:0:0:1 - - [09/Apr/2025:12:52:50 +0900] "GET /day08Prac/list?p=1 HTTP/1.1" 200 527
127.0.0.1 - - [09/Apr/2025:13:54:52 +0900] "GET / HTTP/1.1" 404 808
0:0:0:0:0:0:0:1 - - [09/Apr/2025:13:54:54 +0900] "GET /day08Prac/list HTTP/1.1" 200 679
0:0:0:0:0:0:0:1 - - [09/Apr/2025:13:54:54 +0900] "GET /favicon.ico HTTP/1.1" 404 819
0:0:0:0:0:0:0:1 - - [09/Apr/2025:13:54:58 +0900] "GET /day08Prac/list?p=3 HTTP/1.1" 200 551
0:0:0:0:0:0:0:1 - - [09/Apr/2025:13:54:59 +0900] "GET /day08Prac/list?p=2 HTTP/1.1" 200 679
0:0:0:0:0:0:0:1 - - [09/Apr/2025:13:55:00 +0900] "GET /day08Prac/list?p=1 HTTP/1.1" 200 679
0:0:0:0:0:0:0:1 - - [09/Apr/2025:13:58:49 +0900] "GET /day08Prac/list HTTP/1.1" 200 679
127.0.0.1 - - [09/Apr/2025:13:59:38 +0900] "GET / HTTP/1.1" 404 808
0:0:0:0:0:0:0:1 - - [09/Apr/2025:13:59:39 +0900] "GET /day08Prac/list HTTP/1.1" 200 685
0:0:0:0:0:0:0:1 - - [09/Apr/2025:14:00:10 +0900] "GET /day08Prac/list HTTP/1.1" 200 685
0:0:0:0:0:0:0:1 - - [09/Apr/2025:14:00:10 +0900] "GET /favicon.ico HTTP/1.1" 404 819
127.0.0.1 - - [09/Apr/2025:14:01:12 +0900] "GET / HTTP/1.1" 404 808
0:0:0:0:0:0:0:1 - - [09/Apr/2025:14:01:13 +0900] "GET /day08Prac/list1 HTTP/1.1" 200 557
0:0:0:0:0:0:0:1 - - [09/Apr/2025:14:02:11 +0900] "GET /day08Prac/list?p=6 HTTP/1.1" 200 438
0:0:0:0:0:0:0:1 - - [09/Apr/2025:14:02:12 +0900] "GET /day08Prac/list?p=4 HTTP/1.1" 200 589
0:0:0:0:0:0:0:1 - - [09/Apr/2025:14:02:16 +0900] "GET /day08Prac/list?p=3 HTTP/1.1" 200 589
0:0:0:0:0:0:0:1 - - [09/Apr/2025:14:02:17 +0900] "GET /day08Prac/list?p=2 HTTP/1.1" 200 589
0:0:0:0:0:0:0:1 - - [09/Apr/2025:14:02:17 +0900] "GET /day08Prac/list?p=1 HTTP/1.1" 200 589
0:0:0:0:0:0:0:1 - - [09/Apr/2025:14:02:18 +0900] "GET /day08Prac/list?p=3 HTTP/1.1" 200 589
127.0.0.1 - - [09/Apr/2025:14:02:37 +0900] "GET / HTTP/1.1" 404 808
0:0:0:0:0:0:0:1 - - [09/Apr/2025:14:02:38 +0900] "GET /day08Prac/list1 HTTP/1.1" 200 765
0:0:0:0:0:0:0:1 - - [09/Apr/2025:14:02:39 +0900] "GET /day08Prac/list?p=6 HTTP/1.1" 200 438
0:0:0:0:0:0:0:1 - - [09/Apr/2025:14:02:40 +0900] "GET /day08Prac/list?p=4 HTTP/1.1" 200 589
0:0:0:0:0:0:0:1 - - [09/Apr/2025:14:02:42 +0900] "GET /day08Prac/list?p=2 HTTP/1.1" 200 589
0:0:0:0:0:0:0:1 - - [09/Apr/2025:14:02:42 +0900] "GET /day08Prac/list?p=1 HTTP/1.1" 200 589
0:0:0:0:0:0:0:1 - - [09/Apr/2025:14:02:43 +0900] "GET /day08Prac/list?p=3 HTTP/1.1" 200 589
127.0.0.1 - - [09/Apr/2025:14:03:27 +0900] "GET / HTTP/1.1" 404 808
0:0:0:0:0:0:0:1 - - [09/Apr/2025:14:03:29 +0900] "GET /day08Prac/list1 HTTP/1.1" 200 771
0:0:0:0:0:0:0:1 - - [09/Apr/2025:14:03:30 +0900] "GET /day08Prac/list1?p=6 HTTP/1.1" 200 498
0:0:0:0:0:0:0:1 - - [09/Apr/2025:14:03:32 +0900] "GET /day08Prac/list1?p=6 HTTP/1.1" 200 498
0:0:0:0:0:0:0:1 - - [09/Apr/2025:14:03:33 +0900] "GET /day08Prac/list1?p=5 HTTP/1.1" 200 771
0:0:0:0:0:0:0:1 - - [09/Apr/2025:14:03:34 +0900] "GET /day08Prac/list1?p=4 HTTP/1.1" 200 771
0:0:0:0:0:0:0:1 - - [09/Apr/2025:14:03:34 +0900] "GET /day08Prac/list1?p=3 HTTP/1.1" 200 771
0:0:0:0:0:0:0:1 - - [09/Apr/2025:14:03:35 +0900] "GET /day08Prac/list1?p=2 HTTP/1.1" 200 771
0:0:0:0:0:0:0:1 - - [09/Apr/2025:14:03:35 +0900] "GET /day08Prac/list1?p=1 HTTP/1.1" 200 771
127.0.0.1 - - [09/Apr/2025:14:32:12 +0900] "GET / HTTP/1.1" 404 808
0:0:0:0:0:0:0:1 - - [09/Apr/2025:14:32:13 +0900] "GET /day08Prac/members HTTP/1.1" 404 829
127.0.0.1 - - [09/Apr/2025:14:35:01 +0900] "GET / HTTP/1.1" 404 808
0:0:0:0:0:0:0:1 - - [09/Apr/2025:14:35:01 +0900] "GET /day08Prac/WEB-INF/views/listMember.jsp HTTP/1.1" 404 722
0:0:0:0:0:0:0:1 - - [09/Apr/2025:14:35:10 +0900] "GET /day08Prac/members HTTP/1.1" 200 1700
127.0.0.1 - - [09/Apr/2025:14:35:49 +0900] "GET / HTTP/1.1" 404 808
0:0:0:0:0:0:0:1 - - [09/Apr/2025:14:35:50 +0900] "GET /day08Prac/members HTTP/1.1" 200 1821
127.0.0.1 - - [09/Apr/2025:14:41:01 +0900] "GET / HTTP/1.1" 404 808
0:0:0:0:0:0:0:1 - - [09/Apr/2025:14:41:04 +0900] "GET /day08Prac/members HTTP/1.1" 200 381
0:0:0:0:0:0:0:1 - - [09/Apr/2025:14:41:04 +0900] "GET /favicon.ico HTTP/1.1" 404 819
127.0.0.1 - - [09/Apr/2025:14:41:23 +0900] "GET / HTTP/1.1" 404 808
0:0:0:0:0:0:0:1 - - [09/Apr/2025:14:41:25 +0900] "GET /day08Prac/members HTTP/1.1" 200 491
127.0.0.1 - - [09/Apr/2025:14:43:59 +0900] "GET / HTTP/1.1" 404 808
0:0:0:0:0:0:0:1 - - [09/Apr/2025:14:44:01 +0900] "GET /day08Prac/members HTTP/1.1" 200 582
0:0:0:0:0:0:0:1 - - [09/Apr/2025:14:44:01 +0900] "GET /favicon.ico HTTP/1.1" 404 819
127.0.0.1 - - [09/Apr/2025:15:02:28 +0900] "GET / HTTP/1.1" 404 808
0:0:0:0:0:0:0:1 - - [09/Apr/2025:15:02:30 +0900] "GET /EL_JSTLSample/el1 HTTP/1.1" 200 328
127.0.0.1 - - [09/Apr/2025:15:04:55 +0900] "GET / HTTP/1.1" 404 808
0:0:0:0:0:0:0:1 - - [09/Apr/2025:15:04:57 +0900] "GET /EL_JSTLSample/el1 HTTP/1.1" 200 493
127.0.0.1 - - [09/Apr/2025:15:14:36 +0900] "GET / HTTP/1.1" 404 808
0:0:0:0:0:0:0:1 - - [09/Apr/2025:15:14:38 +0900] "GET /day08Prac/ex01 HTTP/1.1" 200 147
127.0.0.1 - - [09/Apr/2025:15:15:22 +0900] "GET / HTTP/1.1" 404 808
0:0:0:0:0:0:0:1 - - [09/Apr/2025:15:15:23 +0900] "GET /day08Prac/ex01 HTTP/1.1" 200 161
127.0.0.1 - - [09/Apr/2025:15:22:09 +0900] "GET / HTTP/1.1" 404 808
0:0:0:0:0:0:0:1 - - [09/Apr/2025:15:22:10 +0900] "GET /day08Prac/ex02 HTTP/1.1" 200 128
0:0:0:0:0:0:0:1 - - [09/Apr/2025:15:22:10 +0900] "GET /favicon.ico HTTP/1.1" 404 819
127.0.0.1 - - [09/Apr/2025:15:22:51 +0900] "GET / HTTP/1.1" 404 808
0:0:0:0:0:0:0:1 - - [09/Apr/2025:15:22:53 +0900] "GET /day08Prac/ex02 HTTP/1.1" 200 319
127.0.0.1 - - [09/Apr/2025:15:48:53 +0900] "GET / HTTP/1.1" 404 808
0:0:0:0:0:0:0:1 - - [09/Apr/2025:15:48:54 +0900] "GET /day08Prac/ex04 HTTP/1.1" 200 252
0:0:0:0:0:0:0:1 - - [09/Apr/2025:15:48:54 +0900] "GET /favicon.ico HTTP/1.1" 404 819
0:0:0:0:0:0:0:1 - - [09/Apr/2025:15:49:13 +0900] "GET /day08Prac/ex04 HTTP/1.1" 200 252
127.0.0.1 - - [09/Apr/2025:15:49:35 +0900] "GET / HTTP/1.1" 404 808
0:0:0:0:0:0:0:1 - - [09/Apr/2025:15:49:37 +0900] "GET /day08Prac/ex04 HTTP/1.1" 200 661
127.0.0.1 - - [09/Apr/2025:16:07:29 +0900] "GET / HTTP/1.1" 404 808
0:0:0:0:0:0:0:1 - - [09/Apr/2025:16:07:31 +0900] "GET /day08Prac/ex05 HTTP/1.1" 200 245
127.0.0.1 - - [09/Apr/2025:16:07:44 +0900] "GET / HTTP/1.1" 404 808
0:0:0:0:0:0:0:1 - - [09/Apr/2025:16:07:46 +0900] "GET /day08Prac/ex05 HTTP/1.1" 200 270
127.0.0.1 - - [09/Apr/2025:16:09:44 +0900] "GET / HTTP/1.1" 404 808
0:0:0:0:0:0:0:1 - - [09/Apr/2025:16:09:46 +0900] "GET /day08Prac/ex05 HTTP/1.1" 200 315
127.0.0.1 - - [09/Apr/2025:16:13:04 +0900] "GET / HTTP/1.1" 404 808
0:0:0:0:0:0:0:1 - - [09/Apr/2025:16:13:05 +0900] "GET /day08Prac/ex05 HTTP/1.1" 200 523
0:0:0:0:0:0:0:1 - - [09/Apr/2025:16:13:31 +0900] "-" 400 2165
0:0:0:0:0:0:0:1 - - [09/Apr/2025:16:13:31 +0900] "-" 400 2165
0:0:0:0:0:0:0:1 - - [09/Apr/2025:16:13:31 +0900] "-" 400 2165
0:0:0:0:0:0:0:1 - - [09/Apr/2025:16:13:31 +0900] "-" 400 2165
0:0:0:0:0:0:0:1 - - [09/Apr/2025:16:13:36 +0900] "-" 400 2165
0:0:0:0:0:0:0:1 - - [09/Apr/2025:16:13:36 +0900] "-" 400 2165
0:0:0:0:0:0:0:1 - - [09/Apr/2025:16:13:36 +0900] "-" 400 2165
0:0:0:0:0:0:0:1 - - [09/Apr/2025:16:13:36 +0900] "-" 400 2165
0:0:0:0:0:0:0:1 - - [09/Apr/2025:16:13:41 +0900] "GET /day08Prac/ex05 HTTP/1.1" 200 523
127.0.0.1 - - [09/Apr/2025:16:17:21 +0900] "GET / HTTP/1.1" 404 808
0:0:0:0:0:0:0:1 - - [09/Apr/2025:16:17:23 +0900] "GET /day08Prac/ex05 HTTP/1.1" 200 540
0:0:0:0:0:0:0:1 - - [09/Apr/2025:16:17:32 +0900] "GET /day08Prac/ex05 HTTP/1.1" 200 540
127.0.0.1 - - [09/Apr/2025:16:21:54 +0900] "GET / HTTP/1.1" 404 808
0:0:0:0:0:0:0:1 - - [09/Apr/2025:16:21:56 +0900] "GET /day08Prac/ex06 HTTP/1.1" 200 228
127.0.0.1 - - [09/Apr/2025:16:22:51 +0900] "GET / HTTP/1.1" 404 808
0:0:0:0:0:0:0:1 - - [09/Apr/2025:16:22:53 +0900] "GET /day08Prac/ex06 HTTP/1.1" 200 348
127.0.0.1 - - [09/Apr/2025:16:24:07 +0900] "GET / HTTP/1.1" 404 808
0:0:0:0:0:0:0:1 - - [09/Apr/2025:16:24:07 +0900] "GET /day08Prac/ex06 HTTP/1.1" 500 4953
127.0.0.1 - - [09/Apr/2025:16:24:32 +0900] "GET / HTTP/1.1" 404 808
0:0:0:0:0:0:0:1 - - [09/Apr/2025:16:24:33 +0900] "GET /day08Prac/ex06 HTTP/1.1" 500 4953
0:0:0:0:0:0:0:1 - - [09/Apr/2025:16:24:45 +0900] "GET /day08Prac/ex06 HTTP/1.1" 500 4953
0:0:0:0:0:0:0:1 - - [09/Apr/2025:16:24:46 +0900] "GET /day08Prac/ex06 HTTP/1.1" 500 3753
0:0:0:0:0:0:0:1 - - [09/Apr/2025:16:24:46 +0900] "GET /day08Prac/ex06 HTTP/1.1" 500 3753
127.0.0.1 - - [09/Apr/2025:16:25:25 +0900] "GET / HTTP/1.1" 404 808
0:0:0:0:0:0:0:1 - - [09/Apr/2025:16:25:26 +0900] "GET /day08Prac/ex06 HTTP/1.1" 500 4953
127.0.0.1 - - [09/Apr/2025:16:27:47 +0900] "GET / HTTP/1.1" 404 808
0:0:0:0:0:0:0:1 - - [09/Apr/2025:16:27:47 +0900] "GET /day08Prac/WEB-INF/views/ex06.jsp HTTP/1.1" 404 722
0:0:0:0:0:0:0:1 - - [09/Apr/2025:16:28:01 +0900] "GET /day08Prac/ex06 HTTP/1.1" 200 685
0:0:0:0:0:0:0:1 - - [09/Apr/2025:16:28:17 +0900] "GET /day08Prac/ex06 HTTP/1.1" 200 685
0:0:0:0:0:0:0:1 - - [09/Apr/2025:16:28:20 +0900] "GET /day08Prac/ex06 HTTP/1.1" 200 685
0:0:0:0:0:0:0:1 - - [09/Apr/2025:16:28:25 +0900] "GET /day08Prac/ex06 HTTP/1.1" 200 685
0:0:0:0:0:0:0:1 - - [09/Apr/2025:16:28:28 +0900] "GET /day08Prac/ex06 HTTP/1.1" 200 685
0:0:0:0:0:0:0:1 - - [09/Apr/2025:16:28:28 +0900] "GET /day08Prac/ex06 HTTP/1.1" 200 685
0:0:0:0:0:0:0:1 - - [09/Apr/2025:16:28:28 +0900] "GET /day08Prac/ex06 HTTP/1.1" 200 685
127.0.0.1 - - [09/Apr/2025:16:28:57 +0900] "GET / HTTP/1.1" 404 808
0:0:0:0:0:0:0:1 - - [09/Apr/2025:16:29:00 +0900] "GET /day08Prac/ex06 HTTP/1.1" 200 645
127.0.0.1 - - [09/Apr/2025:16:33:25 +0900] "GET / HTTP/1.1" 404 808
0:0:0:0:0:0:0:1 - - [09/Apr/2025:16:33:27 +0900] "GET /loginEL/home HTTP/1.1" 200 345
0:0:0:0:0:0:0:1 - - [09/Apr/2025:16:33:44 +0900] "GET /loginEL/login HTTP/1.1" 200 293
0:0:0:0:0:0:0:1 - - [09/Apr/2025:16:33:50 +0900] "POST /loginEL/login HTTP/1.1" 302 -
0:0:0:0:0:0:0:1 - - [09/Apr/2025:16:33:50 +0900] "GET /loginEL/home HTTP/1.1" 200 359
127.0.0.1 - - [09/Apr/2025:16:37:56 +0900] "GET / HTTP/1.1" 404 808
0:0:0:0:0:0:0:1 - - [09/Apr/2025:16:37:58 +0900] "GET /loginEL/home HTTP/1.1" 200 211
